// Jest Snapshot v1, https://goo.gl/fbAQLP

exports[`The algolia search dataSource must be able to perform a full index of data from the ContentItem dataSource 1`] = `
Array [
  Array [],
  Array [],
]
`;

exports[`The algolia search dataSource must be able to perform a full index of data from the ContentItem dataSource 2`] = `
Array [
  Array [
    Object {
      "args": Object {
        "after": "99-cursor",
        "first": 100,
      },
      "cursor": "by-active-cursor",
    },
  ],
  Array [
    Object {
      "args": Object {
        "after": "99-cursor",
        "first": 100,
      },
      "cursor": "by-active-cursor",
    },
  ],
]
`;

exports[`The algolia search dataSource must be able to perform a full index of data from the ContentItem dataSource 3`] = `
Array [
  Array [
    Object {
      "item": Object {
        "id": 0,
      },
    },
  ],
  Array [
    Object {
      "item": Object {
        "id": 1,
      },
    },
  ],
  Array [
    Object {
      "item": Object {
        "id": 2,
      },
    },
  ],
  Array [
    Object {
      "item": Object {
        "id": 3,
      },
    },
  ],
  Array [
    Object {
      "item": Object {
        "id": 4,
      },
    },
  ],
  Array [
    Object {
      "item": Object {
        "id": 5,
      },
    },
  ],
  Array [
    Object {
      "item": Object {
        "id": 6,
      },
    },
  ],
  Array [
    Object {
      "item": Object {
        "id": 7,
      },
    },
  ],
  Array [
    Object {
      "item": Object {
        "id": 8,
      },
    },
  ],
  Array [
    Object {
      "item": Object {
        "id": 9,
      },
    },
  ],
  Array [
    Object {
      "item": Object {
        "id": 10,
      },
    },
  ],
  Array [
    Object {
      "item": Object {
        "id": 11,
      },
    },
  ],
  Array [
    Object {
      "item": Object {
        "id": 12,
      },
    },
  ],
  Array [
    Object {
      "item": Object {
        "id": 13,
      },
    },
  ],
  Array [
    Object {
      "item": Object {
        "id": 14,
      },
    },
  ],
  Array [
    Object {
      "item": Object {
        "id": 15,
      },
    },
  ],
  Array [
    Object {
      "item": Object {
        "id": 16,
      },
    },
  ],
  Array [
    Object {
      "item": Object {
        "id": 17,
      },
    },
  ],
  Array [
    Object {
      "item": Object {
        "id": 18,
      },
    },
  ],
  Array [
    Object {
      "item": Object {
        "id": 19,
      },
    },
  ],
  Array [
    Object {
      "item": Object {
        "id": 20,
      },
    },
  ],
  Array [
    Object {
      "item": Object {
        "id": 21,
      },
    },
  ],
  Array [
    Object {
      "item": Object {
        "id": 22,
      },
    },
  ],
  Array [
    Object {
      "item": Object {
        "id": 23,
      },
    },
  ],
  Array [
    Object {
      "item": Object {
        "id": 24,
      },
    },
  ],
  Array [
    Object {
      "item": Object {
        "id": 25,
      },
    },
  ],
  Array [
    Object {
      "item": Object {
        "id": 26,
      },
    },
  ],
  Array [
    Object {
      "item": Object {
        "id": 27,
      },
    },
  ],
  Array [
    Object {
      "item": Object {
        "id": 28,
      },
    },
  ],
  Array [
    Object {
      "item": Object {
        "id": 29,
      },
    },
  ],
  Array [
    Object {
      "item": Object {
        "id": 30,
      },
    },
  ],
  Array [
    Object {
      "item": Object {
        "id": 31,
      },
    },
  ],
  Array [
    Object {
      "item": Object {
        "id": 32,
      },
    },
  ],
  Array [
    Object {
      "item": Object {
        "id": 33,
      },
    },
  ],
  Array [
    Object {
      "item": Object {
        "id": 34,
      },
    },
  ],
  Array [
    Object {
      "item": Object {
        "id": 35,
      },
    },
  ],
  Array [
    Object {
      "item": Object {
        "id": 36,
      },
    },
  ],
  Array [
    Object {
      "item": Object {
        "id": 37,
      },
    },
  ],
  Array [
    Object {
      "item": Object {
        "id": 38,
      },
    },
  ],
  Array [
    Object {
      "item": Object {
        "id": 39,
      },
    },
  ],
  Array [
    Object {
      "item": Object {
        "id": 40,
      },
    },
  ],
  Array [
    Object {
      "item": Object {
        "id": 41,
      },
    },
  ],
  Array [
    Object {
      "item": Object {
        "id": 42,
      },
    },
  ],
  Array [
    Object {
      "item": Object {
        "id": 43,
      },
    },
  ],
  Array [
    Object {
      "item": Object {
        "id": 44,
      },
    },
  ],
  Array [
    Object {
      "item": Object {
        "id": 45,
      },
    },
  ],
  Array [
    Object {
      "item": Object {
        "id": 46,
      },
    },
  ],
  Array [
    Object {
      "item": Object {
        "id": 47,
      },
    },
  ],
  Array [
    Object {
      "item": Object {
        "id": 48,
      },
    },
  ],
  Array [
    Object {
      "item": Object {
        "id": 49,
      },
    },
  ],
  Array [
    Object {
      "item": Object {
        "id": 50,
      },
    },
  ],
  Array [
    Object {
      "item": Object {
        "id": 51,
      },
    },
  ],
  Array [
    Object {
      "item": Object {
        "id": 52,
      },
    },
  ],
  Array [
    Object {
      "item": Object {
        "id": 53,
      },
    },
  ],
  Array [
    Object {
      "item": Object {
        "id": 54,
      },
    },
  ],
  Array [
    Object {
      "item": Object {
        "id": 55,
      },
    },
  ],
  Array [
    Object {
      "item": Object {
        "id": 56,
      },
    },
  ],
  Array [
    Object {
      "item": Object {
        "id": 57,
      },
    },
  ],
  Array [
    Object {
      "item": Object {
        "id": 58,
      },
    },
  ],
  Array [
    Object {
      "item": Object {
        "id": 59,
      },
    },
  ],
  Array [
    Object {
      "item": Object {
        "id": 60,
      },
    },
  ],
  Array [
    Object {
      "item": Object {
        "id": 61,
      },
    },
  ],
  Array [
    Object {
      "item": Object {
        "id": 62,
      },
    },
  ],
  Array [
    Object {
      "item": Object {
        "id": 63,
      },
    },
  ],
  Array [
    Object {
      "item": Object {
        "id": 64,
      },
    },
  ],
  Array [
    Object {
      "item": Object {
        "id": 65,
      },
    },
  ],
  Array [
    Object {
      "item": Object {
        "id": 66,
      },
    },
  ],
  Array [
    Object {
      "item": Object {
        "id": 67,
      },
    },
  ],
  Array [
    Object {
      "item": Object {
        "id": 68,
      },
    },
  ],
  Array [
    Object {
      "item": Object {
        "id": 69,
      },
    },
  ],
  Array [
    Object {
      "item": Object {
        "id": 70,
      },
    },
  ],
  Array [
    Object {
      "item": Object {
        "id": 71,
      },
    },
  ],
  Array [
    Object {
      "item": Object {
        "id": 72,
      },
    },
  ],
  Array [
    Object {
      "item": Object {
        "id": 73,
      },
    },
  ],
  Array [
    Object {
      "item": Object {
        "id": 74,
      },
    },
  ],
  Array [
    Object {
      "item": Object {
        "id": 75,
      },
    },
  ],
  Array [
    Object {
      "item": Object {
        "id": 76,
      },
    },
  ],
  Array [
    Object {
      "item": Object {
        "id": 77,
      },
    },
  ],
  Array [
    Object {
      "item": Object {
        "id": 78,
      },
    },
  ],
  Array [
    Object {
      "item": Object {
        "id": 79,
      },
    },
  ],
  Array [
    Object {
      "item": Object {
        "id": 80,
      },
    },
  ],
  Array [
    Object {
      "item": Object {
        "id": 81,
      },
    },
  ],
  Array [
    Object {
      "item": Object {
        "id": 82,
      },
    },
  ],
  Array [
    Object {
      "item": Object {
        "id": 83,
      },
    },
  ],
  Array [
    Object {
      "item": Object {
        "id": 84,
      },
    },
  ],
  Array [
    Object {
      "item": Object {
        "id": 85,
      },
    },
  ],
  Array [
    Object {
      "item": Object {
        "id": 86,
      },
    },
  ],
  Array [
    Object {
      "item": Object {
        "id": 87,
      },
    },
  ],
  Array [
    Object {
      "item": Object {
        "id": 88,
      },
    },
  ],
  Array [
    Object {
      "item": Object {
        "id": 89,
      },
    },
  ],
  Array [
    Object {
      "item": Object {
        "id": 90,
      },
    },
  ],
  Array [
    Object {
      "item": Object {
        "id": 91,
      },
    },
  ],
  Array [
    Object {
      "item": Object {
        "id": 92,
      },
    },
  ],
  Array [
    Object {
      "item": Object {
        "id": 93,
      },
    },
  ],
  Array [
    Object {
      "item": Object {
        "id": 94,
      },
    },
  ],
  Array [
    Object {
      "item": Object {
        "id": 95,
      },
    },
  ],
  Array [
    Object {
      "item": Object {
        "id": 96,
      },
    },
  ],
  Array [
    Object {
      "item": Object {
        "id": 97,
      },
    },
  ],
  Array [
    Object {
      "item": Object {
        "id": 98,
      },
    },
  ],
  Array [
    Object {
      "item": Object {
        "id": 99,
      },
    },
  ],
  Array [
    Object {
      "item": Object {
        "id": 0,
      },
    },
  ],
  Array [
    Object {
      "item": Object {
        "id": 1,
      },
    },
  ],
  Array [
    Object {
      "item": Object {
        "id": 2,
      },
    },
  ],
  Array [
    Object {
      "item": Object {
        "id": 3,
      },
    },
  ],
  Array [
    Object {
      "item": Object {
        "id": 4,
      },
    },
  ],
  Array [
    Object {
      "item": Object {
        "id": 5,
      },
    },
  ],
  Array [
    Object {
      "item": Object {
        "id": 6,
      },
    },
  ],
  Array [
    Object {
      "item": Object {
        "id": 7,
      },
    },
  ],
  Array [
    Object {
      "item": Object {
        "id": 8,
      },
    },
  ],
  Array [
    Object {
      "item": Object {
        "id": 9,
      },
    },
  ],
  Array [
    Object {
      "item": Object {
        "id": 10,
      },
    },
  ],
  Array [
    Object {
      "item": Object {
        "id": 11,
      },
    },
  ],
  Array [
    Object {
      "item": Object {
        "id": 12,
      },
    },
  ],
  Array [
    Object {
      "item": Object {
        "id": 13,
      },
    },
  ],
  Array [
    Object {
      "item": Object {
        "id": 14,
      },
    },
  ],
  Array [
    Object {
      "item": Object {
        "id": 15,
      },
    },
  ],
  Array [
    Object {
      "item": Object {
        "id": 16,
      },
    },
  ],
  Array [
    Object {
      "item": Object {
        "id": 17,
      },
    },
  ],
  Array [
    Object {
      "item": Object {
        "id": 18,
      },
    },
  ],
  Array [
    Object {
      "item": Object {
        "id": 19,
      },
    },
  ],
  Array [
    Object {
      "item": Object {
        "id": 20,
      },
    },
  ],
  Array [
    Object {
      "item": Object {
        "id": 21,
      },
    },
  ],
  Array [
    Object {
      "item": Object {
        "id": 22,
      },
    },
  ],
  Array [
    Object {
      "item": Object {
        "id": 23,
      },
    },
  ],
  Array [
    Object {
      "item": Object {
        "id": 24,
      },
    },
  ],
  Array [
    Object {
      "item": Object {
        "id": 25,
      },
    },
  ],
  Array [
    Object {
      "item": Object {
        "id": 26,
      },
    },
  ],
  Array [
    Object {
      "item": Object {
        "id": 27,
      },
    },
  ],
  Array [
    Object {
      "item": Object {
        "id": 28,
      },
    },
  ],
  Array [
    Object {
      "item": Object {
        "id": 29,
      },
    },
  ],
  Array [
    Object {
      "item": Object {
        "id": 30,
      },
    },
  ],
  Array [
    Object {
      "item": Object {
        "id": 31,
      },
    },
  ],
  Array [
    Object {
      "item": Object {
        "id": 32,
      },
    },
  ],
  Array [
    Object {
      "item": Object {
        "id": 33,
      },
    },
  ],
  Array [
    Object {
      "item": Object {
        "id": 34,
      },
    },
  ],
  Array [
    Object {
      "item": Object {
        "id": 35,
      },
    },
  ],
  Array [
    Object {
      "item": Object {
        "id": 36,
      },
    },
  ],
  Array [
    Object {
      "item": Object {
        "id": 37,
      },
    },
  ],
  Array [
    Object {
      "item": Object {
        "id": 38,
      },
    },
  ],
  Array [
    Object {
      "item": Object {
        "id": 39,
      },
    },
  ],
  Array [
    Object {
      "item": Object {
        "id": 40,
      },
    },
  ],
  Array [
    Object {
      "item": Object {
        "id": 41,
      },
    },
  ],
  Array [
    Object {
      "item": Object {
        "id": 42,
      },
    },
  ],
  Array [
    Object {
      "item": Object {
        "id": 43,
      },
    },
  ],
  Array [
    Object {
      "item": Object {
        "id": 44,
      },
    },
  ],
  Array [
    Object {
      "item": Object {
        "id": 45,
      },
    },
  ],
  Array [
    Object {
      "item": Object {
        "id": 46,
      },
    },
  ],
  Array [
    Object {
      "item": Object {
        "id": 47,
      },
    },
  ],
  Array [
    Object {
      "item": Object {
        "id": 48,
      },
    },
  ],
  Array [
    Object {
      "item": Object {
        "id": 49,
      },
    },
  ],
]
`;

exports[`The algolia search dataSource must be able to perform a full index of data from the ContentItem dataSource 4`] = `
Array [
  Array [
    [Function],
  ],
]
`;

exports[`The algolia search dataSource must raise an error if the indexing fails 1`] = `[Error: Indexing error]`;
